"_init_"
"foo(a[1/.]), foo(b[1/.])"
"foo(a[./1]), foo(b[./1])"
"foo(a[./1]), foo(b[./1])"

