'step_index', 'time', 'sim_event_id'
0, 0.0, 0
1, 1.7935983629643002, 1
2, 1.8292313230569146, 2
3, 3.9882686236387492, 3
4, 3.9882686236387492, 3
5, 4.177341750145077, 4
6, 5.16115083587232, 5

