'step_index', 'time', 'sim_event_id', 'agent_id'
1, 1.7935983629643002, 1, 1
3, 3.9882686236387492, 3, 3
6, 5.16115083587232, 5, 6

