'step_index', 'time', 'sim_event_id', 'agent_id'
0, 0.0, 0, 0
2, 1.8292313230569146, 2, 2
4, 3.9882686236387492, 3, 4
5, 4.177341750145077, 4, 5

