'size', 'time', 'id'
3, 0.04493406687213512, 5
1, 0.12950685199195142, 2
3, 0.19509412437376764, 5
3, 0.2697086185633353, 5
3, 0.3021563885086039, 5
1, 0.31668900443192877, 2

