'size', 'time', 'id'
3, 0.1169019768915296, 5
1, 0.19767708812339232, 2
3, 0.20044407211918097, 5
3, 0.27575640171435856, 5
3, 0.3050831529608567, 5

