"p", "b1", "b2", "s1", "s2", "k1", "k2"
13, 8, 10, 3, 2, 6, 4
15, 11, 9, 0, 1, 7, 5

